
> gdhealthcare@0.1.0 build
> next build

▲ Next.js 16.2.4 (Turbopack)

  Creating an optimized production build ...
✓ Compiled successfully in 5.6s
  Running TypeScript ...
Failed to type check.

./components/ui/calendar.tsx:9:60
Type error: Cannot find module 'react-day-picker' or its corresponding type declarations.

  [90m 7 |[0m   [33mChevronRightIcon[0m,
  [90m 8 |[0m } [36mfrom[0m [32m'lucide-react'[0m
[31m[1m>[0m [90m 9 |[0m [36mimport[0m { [33mDayButton[0m, [33mDayPicker[0m, getDefaultClassNames } [36mfrom[0m [32m'react-day-picker'[0m
  [90m   |[0m                                                            [31m[1m^[0m
  [90m10 |[0m
  [90m11 |[0m [36mimport[0m { cn } [36mfrom[0m [32m'@/lib/utils'[0m
  [90m12 |[0m [36mimport[0m { [33mButton[0m, buttonVariants } [36mfrom[0m [32m'@/components/ui/button'[0m
Next.js build worker exited with code: 1 and signal: null
